// Jest Snapshot v1, https://goo.gl/fbAQLP

exports[`Navigation component should render Navigation component correctly 1`] = `undefined`;
