// Jest Snapshot v1, https://goo.gl/fbAQLP

exports[`MobileNavigation component should render MobileNavigation component correctly 1`] = `
<Fragment>
  <nav
    className="mobile-navigation-wrapper"
  >
    <NavButtons
      isMobile={true}
      path="/projets"
      position="left"
      text="Projets"
    />
    <NavButtons
      isMobile={true}
      path="/projets"
      position="bottom"
      text="Faisons connaissance"
    />
    <NavButtons
      isMobile={true}
      path="/projets"
      position="right"
      text="CompÃ©tences"
    />
  </nav>
</Fragment>
`;
