// Jest Snapshot v1, https://goo.gl/fbAQLP

exports[`Template view should render Template component correctly 1`] = `
<Fragment>
  <Header />
  <Navigation />
  <Component />
</Fragment>
`;
